Archive member included to satisfy reference by file (symbol)

c:/program files/microchip/xc8/v2.31/avr/bin/../lib/gcc/avr/5.4.0/avr51/memx-const\libgcc.a(_exit.o)
                              C:/Program Files (x86)/Atmel/Studio/7.0/Packs/atmel/ATmega_DFP/1.6.364/xc8/avr/lib/avr51/memx-const/crtatmega128a.o (exit)
c:/program files/microchip/xc8/v2.31/avr/bin/../lib/gcc/avr/5.4.0/avr51/memx-const\libgcc.a(_copy_data.o)
                              buzz.o (__do_copy_data)

Allocating common symbols
Common symbol       size              file

sentence            0x10              main.o

Discarded input sections

 .data          0x0000000000000000        0x0 C:/Program Files (x86)/Atmel/Studio/7.0/Packs/atmel/ATmega_DFP/1.6.364/xc8/avr/lib/avr51/memx-const/crtatmega128a.o
 .bss           0x0000000000000000        0x0 C:/Program Files (x86)/Atmel/Studio/7.0/Packs/atmel/ATmega_DFP/1.6.364/xc8/avr/lib/avr51/memx-const/crtatmega128a.o
 .text          0x0000000000000000        0x0 buzz.o
 .data          0x0000000000000000        0x0 buzz.o
 .bss           0x0000000000000000        0x0 buzz.o
 .text          0x0000000000000000        0x0 LCD.o
 .data          0x0000000000000000        0x0 LCD.o
 .bss           0x0000000000000000        0x0 LCD.o
 .text          0x0000000000000000        0x0 main.o
 .data          0x0000000000000000        0x0 main.o
 .bss           0x0000000000000000        0x0 main.o
 .text          0x0000000000000000        0x0 morse.o
 .data          0x0000000000000000        0x0 morse.o
 .bss           0x0000000000000000        0x0 morse.o
 .text          0x0000000000000000        0x0 c:/program files/microchip/xc8/v2.31/avr/bin/../lib/gcc/avr/5.4.0/avr51/memx-const\libgcc.a(_exit.o)
 .data          0x0000000000000000        0x0 c:/program files/microchip/xc8/v2.31/avr/bin/../lib/gcc/avr/5.4.0/avr51/memx-const\libgcc.a(_exit.o)
 .bss           0x0000000000000000        0x0 c:/program files/microchip/xc8/v2.31/avr/bin/../lib/gcc/avr/5.4.0/avr51/memx-const\libgcc.a(_exit.o)
 .text.libgcc.mul
                0x0000000000000000        0x0 c:/program files/microchip/xc8/v2.31/avr/bin/../lib/gcc/avr/5.4.0/avr51/memx-const\libgcc.a(_exit.o)
 .text.libgcc.div
                0x0000000000000000        0x0 c:/program files/microchip/xc8/v2.31/avr/bin/../lib/gcc/avr/5.4.0/avr51/memx-const\libgcc.a(_exit.o)
 .text.libgcc   0x0000000000000000        0x0 c:/program files/microchip/xc8/v2.31/avr/bin/../lib/gcc/avr/5.4.0/avr51/memx-const\libgcc.a(_exit.o)
 .text.libgcc.prologue
                0x0000000000000000        0x0 c:/program files/microchip/xc8/v2.31/avr/bin/../lib/gcc/avr/5.4.0/avr51/memx-const\libgcc.a(_exit.o)
 .text.libgcc.builtins
                0x0000000000000000        0x0 c:/program files/microchip/xc8/v2.31/avr/bin/../lib/gcc/avr/5.4.0/avr51/memx-const\libgcc.a(_exit.o)
 .text.libgcc.fmul
                0x0000000000000000        0x0 c:/program files/microchip/xc8/v2.31/avr/bin/../lib/gcc/avr/5.4.0/avr51/memx-const\libgcc.a(_exit.o)
 .text.libgcc.fixed
                0x0000000000000000        0x0 c:/program files/microchip/xc8/v2.31/avr/bin/../lib/gcc/avr/5.4.0/avr51/memx-const\libgcc.a(_exit.o)
 .text          0x0000000000000000        0x0 c:/program files/microchip/xc8/v2.31/avr/bin/../lib/gcc/avr/5.4.0/avr51/memx-const\libgcc.a(_copy_data.o)
 .data          0x0000000000000000        0x0 c:/program files/microchip/xc8/v2.31/avr/bin/../lib/gcc/avr/5.4.0/avr51/memx-const\libgcc.a(_copy_data.o)
 .bss           0x0000000000000000        0x0 c:/program files/microchip/xc8/v2.31/avr/bin/../lib/gcc/avr/5.4.0/avr51/memx-const\libgcc.a(_copy_data.o)
 .text.libgcc.mul
                0x0000000000000000        0x0 c:/program files/microchip/xc8/v2.31/avr/bin/../lib/gcc/avr/5.4.0/avr51/memx-const\libgcc.a(_copy_data.o)
 .text.libgcc.div
                0x0000000000000000        0x0 c:/program files/microchip/xc8/v2.31/avr/bin/../lib/gcc/avr/5.4.0/avr51/memx-const\libgcc.a(_copy_data.o)
 .text.libgcc   0x0000000000000000        0x0 c:/program files/microchip/xc8/v2.31/avr/bin/../lib/gcc/avr/5.4.0/avr51/memx-const\libgcc.a(_copy_data.o)
 .text.libgcc.prologue
                0x0000000000000000        0x0 c:/program files/microchip/xc8/v2.31/avr/bin/../lib/gcc/avr/5.4.0/avr51/memx-const\libgcc.a(_copy_data.o)
 .text.libgcc.builtins
                0x0000000000000000        0x0 c:/program files/microchip/xc8/v2.31/avr/bin/../lib/gcc/avr/5.4.0/avr51/memx-const\libgcc.a(_copy_data.o)
 .text.libgcc.fmul
                0x0000000000000000        0x0 c:/program files/microchip/xc8/v2.31/avr/bin/../lib/gcc/avr/5.4.0/avr51/memx-const\libgcc.a(_copy_data.o)
 .text.libgcc.fixed
                0x0000000000000000        0x0 c:/program files/microchip/xc8/v2.31/avr/bin/../lib/gcc/avr/5.4.0/avr51/memx-const\libgcc.a(_copy_data.o)

Memory Configuration

Name             Origin             Length             Attributes
text             0x0000000000000000 0x0000000000020000 xr
data             0x0000000000800100 0x0000000000001000 rw !x
eeprom           0x0000000000810000 0x0000000000001000 rw !x
fuse             0x0000000000820000 0x0000000000000003 rw !x
lock             0x0000000000830000 0x0000000000000400 rw !x
signature        0x0000000000840000 0x0000000000000400 rw !x
user_signatures  0x0000000000850000 0x0000000000000400 rw !x
*default*        0x0000000000000000 0xffffffffffffffff

Linker script and memory map

Address of section .data set to 0x800100
LOAD C:/Program Files (x86)/Atmel/Studio/7.0/Packs/atmel/ATmega_DFP/1.6.364/xc8/avr/lib/avr51/memx-const/crtatmega128a.o
LOAD buzz.o
LOAD LCD.o
LOAD main.o
LOAD morse.o
START GROUP
LOAD c:/program files/microchip/xc8/v2.31/avr/bin/../lib/gcc/avr/5.4.0/../../../../avr/lib/avr51/memx-const\libm.a
END GROUP
START GROUP
LOAD c:/program files/microchip/xc8/v2.31/avr/bin/../lib/gcc/avr/5.4.0/avr51/memx-const\libgcc.a
LOAD c:/program files/microchip/xc8/v2.31/avr/bin/../lib/gcc/avr/5.4.0/../../../../avr/lib/avr51/memx-const\libm.a
LOAD c:/program files/microchip/xc8/v2.31/avr/bin/../lib/gcc/avr/5.4.0/../../../../avr/lib/avr51/memx-const\libc.a
LOAD C:/Program Files (x86)/Atmel/Studio/7.0/Packs/atmel/ATmega_DFP/1.6.364/xc8/avr/lib/avr51/memx-const\libatmega128a.a
END GROUP
                [0x0000000000000000]                __TEXT_REGION_ORIGIN__ = DEFINED (__TEXT_REGION_ORIGIN__)?__TEXT_REGION_ORIGIN__:0x0
                [0x0000000000800100]                __DATA_REGION_ORIGIN__ = DEFINED (__DATA_REGION_ORIGIN__)?__DATA_REGION_ORIGIN__:0x800100
                [0x0000000000020000]                __TEXT_REGION_LENGTH__ = DEFINED (__TEXT_REGION_LENGTH__)?__TEXT_REGION_LENGTH__:0x20000
                [0x0000000000001000]                __DATA_REGION_LENGTH__ = DEFINED (__DATA_REGION_LENGTH__)?__DATA_REGION_LENGTH__:0xff00
                [0x0000000000001000]                __EEPROM_REGION_LENGTH__ = DEFINED (__EEPROM_REGION_LENGTH__)?__EEPROM_REGION_LENGTH__:0x10000
                [0x0000000000000003]                __FUSE_REGION_LENGTH__ = DEFINED (__FUSE_REGION_LENGTH__)?__FUSE_REGION_LENGTH__:0x400
                0x0000000000000400                __LOCK_REGION_LENGTH__ = DEFINED (__LOCK_REGION_LENGTH__)?__LOCK_REGION_LENGTH__:0x400
                0x0000000000000400                __SIGNATURE_REGION_LENGTH__ = DEFINED (__SIGNATURE_REGION_LENGTH__)?__SIGNATURE_REGION_LENGTH__:0x400
                0x0000000000000400                __USER_SIGNATURE_REGION_LENGTH__ = DEFINED (__USER_SIGNATURE_REGION_LENGTH__)?__USER_SIGNATURE_REGION_LENGTH__:0x400

.hash
 *(.hash)

.dynsym
 *(.dynsym)

.dynstr
 *(.dynstr)

.gnu.version
 *(.gnu.version)

.gnu.version_d
 *(.gnu.version_d)

.gnu.version_r
 *(.gnu.version_r)

.rel.init
 *(.rel.init)

.rela.init
 *(.rela.init)

.rel.text
 *(.rel.text)
 *(.rel.text.*)
 *(.rel.gnu.linkonce.t*)

.rela.text
 *(.rela.text)
 *(.rela.text.*)
 *(.rela.gnu.linkonce.t*)

.rel.fini
 *(.rel.fini)

.rela.fini
 *(.rela.fini)

.rel.rodata
 *(.rel.rodata)
 *(.rel.rodata.*)
 *(.rel.gnu.linkonce.r*)

.rela.rodata
 *(.rela.rodata)
 *(.rela.rodata.*)
 *(.rela.gnu.linkonce.r*)

.rel.data
 *(.rel.data)
 *(.rel.data.*)
 *(.rel.gnu.linkonce.d*)

.rela.data
 *(.rela.data)
 *(.rela.data.*)
 *(.rela.gnu.linkonce.d*)

.rel.ctors
 *(.rel.ctors)

.rela.ctors
 *(.rela.ctors)

.rel.dtors
 *(.rel.dtors)

.rela.dtors
 *(.rela.dtors)

.rel.got
 *(.rel.got)

.rela.got
 *(.rela.got)

.rel.bss
 *(.rel.bss)

.rela.bss
 *(.rela.bss)

.rel.plt
 *(.rel.plt)

.rela.plt
 *(.rela.plt)

.text           0x0000000000000000      0x102
 *(.vectors)
 .vectors       0x0000000000000000       0x8c C:/Program Files (x86)/Atmel/Studio/7.0/Packs/atmel/ATmega_DFP/1.6.364/xc8/avr/lib/avr51/memx-const/crtatmega128a.o
                0x0000000000000000                __vector_default
                0x0000000000000000                __vectors
 *(.vectors)
 *(.progmem.gcc*)
 *(.dinit)
 .dinit         0x000000000000008c       0x1d data_init
                0x00000000000000aa                . = ALIGN (0x2)
 *fill*         0x00000000000000a9        0x1 
                0x00000000000000aa                __trampolines_start = .
 *(.trampolines)
 .trampolines   0x00000000000000aa        0x0 linker stubs
 *(.trampolines*)
                0x00000000000000aa                __trampolines_end = .
 *libprintf_flt.a:*(.progmem.data)
 *libc.a:*(.progmem.data)
                0x00000000000000aa                . = ALIGN (0x2)
 *(.jumptables)
 *(.jumptables*)
 *(.lowtext)
 *(.lowtext*)
                0x00000000000000aa                __ctors_start = .
 *(.ctors)
                0x00000000000000aa                __ctors_end = .
                0x00000000000000aa                __dtors_start = .
 *(.dtors)
                0x00000000000000aa                __dtors_end = .
 SORT(*)(.ctors)
 SORT(*)(.dtors)
 *(.init0)
 .init0         0x00000000000000aa        0x0 C:/Program Files (x86)/Atmel/Studio/7.0/Packs/atmel/ATmega_DFP/1.6.364/xc8/avr/lib/avr51/memx-const/crtatmega128a.o
                0x00000000000000aa                __init
 *(.init0)
 *(.init1)
 *(.init1)
 *(.init2)
 .init2         0x00000000000000aa        0xc C:/Program Files (x86)/Atmel/Studio/7.0/Packs/atmel/ATmega_DFP/1.6.364/xc8/avr/lib/avr51/memx-const/crtatmega128a.o
 *(.init2)
 *(.init3)
 *(.init3)
 *(.init4)
 .init4         0x00000000000000b6       0x40 c:/program files/microchip/xc8/v2.31/avr/bin/../lib/gcc/avr/5.4.0/avr51/memx-const\libgcc.a(_copy_data.o)
                0x00000000000000b6                __do_copy_data
                0x00000000000000e8                __do_clear_bss
 *(.init4)
 *(.init5)
 *(.init5)
 *(.init6)
 *(.init6)
 *(.init7)
 *(.init7)
 *(.init8)
 *(.init8)
 *(.init9)
 .init9         0x00000000000000f6        0x8 C:/Program Files (x86)/Atmel/Studio/7.0/Packs/atmel/ATmega_DFP/1.6.364/xc8/avr/lib/avr51/memx-const/crtatmega128a.o
 *(.init9)
                0x00000000000000fe                . = ALIGN (0x2)
 *(.fini9)
 .fini9         0x00000000000000fe        0x0 c:/program files/microchip/xc8/v2.31/avr/bin/../lib/gcc/avr/5.4.0/avr51/memx-const\libgcc.a(_exit.o)
                0x00000000000000fe                _exit
                0x00000000000000fe                exit
 *(.fini9)
 *(.fini8)
 *(.fini8)
 *(.fini7)
 *(.fini7)
 *(.fini6)
 *(.fini6)
 *(.fini5)
 *(.fini5)
 *(.fini4)
 *(.fini4)
 *(.fini3)
 *(.fini3)
 *(.fini2)
 *(.fini2)
 *(.fini1)
 *(.fini1)
 *(.fini0)
 .fini0         0x00000000000000fe        0x4 c:/program files/microchip/xc8/v2.31/avr/bin/../lib/gcc/avr/5.4.0/avr51/memx-const\libgcc.a(_exit.o)
 *(.fini0)
                0x0000000000000102                _etext = .

.data           0x0000000000800100        0x0 load address 0x0000000000000102
                [!provide]                        PROVIDE (__data_start, .)
 *(.gnu.linkonce.d*)
 *(.gnu.linkonce.r*)
                0x0000000000800100                . = ALIGN (0x2)
                0x0000000000800100                _edata = .
                [!provide]                        PROVIDE (__data_end, .)

.bss            0x0000000000800100       0x10
                [!provide]                        PROVIDE (__bss_start, .)
 *(COMMON)
 COMMON         0x0000000000800100       0x10 main.o
                0x0000000000800100                sentence
                [!provide]                        PROVIDE (__bss_end, .)
                0x0000000000000102                __data_load_start = LOADADDR (.data)
                0x0000000000000102                __data_load_end = (__data_load_start + SIZEOF (.data))

.noinit         0x0000000000800110        0x0
                [!provide]                        PROVIDE (__noinit_start, .)
 *(.noinit*)
                [!provide]                        PROVIDE (__noinit_end, .)
                0x0000000000800110                _end = .

.eeprom         0x0000000000810000        0x0
 *(.eeprom*)
                0x0000000000810000                __eeprom_end = .

.fuse
 *(.fuse)
 *(.lfuse)
 *(.hfuse)
 *(.efuse)

.lock
 *(.lock*)

.signature
 *(.signature*)

.user_signatures
 *(.user_signatures*)

.stab
 *(.stab)

.stabstr
 *(.stabstr)

.stab.excl
 *(.stab.excl)

.stab.exclstr
 *(.stab.exclstr)

.stab.index
 *(.stab.index)

.stab.indexstr
 *(.stab.indexstr)

.comment        0x0000000000000000       0x2f
 *(.comment)
 .comment       0x0000000000000000       0x2f buzz.o
                                         0x30 (size before relaxing)
 .comment       0x000000000000002f       0x30 LCD.o
 .comment       0x000000000000002f       0x30 main.o
 .comment       0x000000000000002f       0x30 morse.o

.note.gnu.build-id
 *(.note.gnu.build-id)

.debug
 *(.debug)

.line
 *(.line)

.debug_srcinfo
 *(.debug_srcinfo)

.debug_sfnames
 *(.debug_sfnames)

.debug_aranges  0x0000000000000000       0xf0
 *(.debug_aranges)
 .debug_aranges
                0x0000000000000000       0x38 buzz.o
 .debug_aranges
                0x0000000000000038       0x38 LCD.o
 .debug_aranges
                0x0000000000000070       0x50 main.o
 .debug_aranges
                0x00000000000000c0       0x30 morse.o

.debug_pubnames
 *(.debug_pubnames)

.debug_info     0x0000000000000000     0x1a79
 *(.debug_info .gnu.linkonce.wi.*)
 .debug_info    0x0000000000000000      0x780 C:/Program Files (x86)/Atmel/Studio/7.0/Packs/atmel/ATmega_DFP/1.6.364/xc8/avr/lib/avr51/memx-const/crtatmega128a.o
 .debug_info    0x0000000000000780      0x4fe buzz.o
 .debug_info    0x0000000000000c7e      0x48b LCD.o
 .debug_info    0x0000000000001109      0x5ab main.o
 .debug_info    0x00000000000016b4      0x3c5 morse.o

.debug_abbrev   0x0000000000000000      0xc45
 *(.debug_abbrev)
 .debug_abbrev  0x0000000000000000      0x718 C:/Program Files (x86)/Atmel/Studio/7.0/Packs/atmel/ATmega_DFP/1.6.364/xc8/avr/lib/avr51/memx-const/crtatmega128a.o
 .debug_abbrev  0x0000000000000718      0x14f buzz.o
 .debug_abbrev  0x0000000000000867      0x10b LCD.o
 .debug_abbrev  0x0000000000000972      0x1a4 main.o
 .debug_abbrev  0x0000000000000b16      0x12f morse.o

.debug_line     0x0000000000000000      0x889
 *(.debug_line .debug_line.* .debug_line_end)
 .debug_line    0x0000000000000000      0x16d C:/Program Files (x86)/Atmel/Studio/7.0/Packs/atmel/ATmega_DFP/1.6.364/xc8/avr/lib/avr51/memx-const/crtatmega128a.o
 .debug_line    0x000000000000016d      0x1d4 buzz.o
 .debug_line    0x0000000000000341      0x1dc LCD.o
 .debug_line    0x000000000000051d      0x256 main.o
 .debug_line    0x0000000000000773      0x116 morse.o

.debug_frame    0x0000000000000000      0x2c0
 *(.debug_frame)
 .debug_frame   0x0000000000000000       0x90 buzz.o
 .debug_frame   0x0000000000000090       0x64 LCD.o
 .debug_frame   0x00000000000000f4      0x168 main.o
 .debug_frame   0x000000000000025c       0x64 morse.o

.debug_str      0x0000000000000000      0x2eb
 *(.debug_str)
 .debug_str     0x0000000000000000      0x27d C:/Program Files (x86)/Atmel/Studio/7.0/Packs/atmel/ATmega_DFP/1.6.364/xc8/avr/lib/avr51/memx-const/crtatmega128a.o
 .debug_str     0x000000000000027d       0x11 buzz.o
 .debug_str     0x000000000000028e        0x0 LCD.o
 .debug_str     0x000000000000028e       0x53 main.o
 .debug_str     0x00000000000002e1        0xa morse.o

.debug_loc      0x0000000000000000      0x883
 *(.debug_loc)
 .debug_loc     0x0000000000000000      0x229 buzz.o
 .debug_loc     0x0000000000000229      0x144 LCD.o
 .debug_loc     0x000000000000036d      0x33d main.o
 .debug_loc     0x00000000000006aa      0x1d9 morse.o

.debug_macinfo
 *(.debug_macinfo)

.debug_weaknames
 *(.debug_weaknames)

.debug_funcnames
 *(.debug_funcnames)

.debug_typenames
 *(.debug_typenames)

.debug_varnames
 *(.debug_varnames)

.debug_pubtypes
 *(.debug_pubtypes)

.debug_ranges   0x0000000000000000       0xe0
 *(.debug_ranges)
 .debug_ranges  0x0000000000000000       0x28 buzz.o
 .debug_ranges  0x0000000000000028       0x28 LCD.o
 .debug_ranges  0x0000000000000050       0x40 main.o
 .debug_ranges  0x0000000000000090       0x50 morse.o

.debug_macro
 *(.debug_macro)
OUTPUT(EindOpdracht Morse.elf elf32-avr)
LOAD linker stubs
LOAD data_init

.note.gnu.avr.deviceinfo
                0x0000000000000000       0x40
 .note.gnu.avr.deviceinfo
                0x0000000000000000       0x40 C:/Program Files (x86)/Atmel/Studio/7.0/Packs/atmel/ATmega_DFP/1.6.364/xc8/avr/lib/avr51/memx-const/crtatmega128a.o

.bss.morsePos   0x000000000080030b        0x2
 .bss.morsePos  0x000000000080030b        0x2 main.o
                0x000000000080030b                morsePos

.bss.morse      0x00000000008002f1        0xc
 .bss.morse     0x00000000008002f1        0xc main.o
                0x00000000008002f1                morse

.bss.sentenceLength
                0x000000000080030d        0x2
 .bss.sentenceLength
                0x000000000080030d        0x2 main.o
                0x000000000080030d                sentenceLength

.bss.morse.1589
                0x00000000008002fd        0xc
 .bss.morse.1589
                0x00000000008002fd        0xc morse.o

.text.buzz_play
                0x0000000000000102       0xfe
 .text.buzz_play
                0x0000000000000102       0xfe buzz.o
                0x0000000000000102                buzz_play

.text.__vector_3
                0x0000000000000200       0xb8
 .text.__vector_3
                0x0000000000000200       0xb8 main.o
                0x0000000000000200                __vector_3

.text.getMorseFromChar
                0x00000000000002b8       0x68
 .text.getMorseFromChar
                0x00000000000002b8       0x68 morse.o
                0x00000000000002b8                getMorseFromChar

.text.__vector_4
                0x0000000000000320       0x60
 .text.__vector_4
                0x0000000000000320       0x60 main.o
                0x0000000000000320                __vector_4

.text.__vector_1
                0x0000000000000380       0x58
 .text.__vector_1
                0x0000000000000380       0x58 main.o
                0x0000000000000380                __vector_1

.text.__vector_2
                0x00000000000003d8       0x58
 .text.__vector_2
                0x00000000000003d8       0x58 main.o
                0x00000000000003d8                __vector_2

.text.getCharFromMorse
                0x0000000000000430       0x56
 .text.getCharFromMorse
                0x0000000000000430       0x56 morse.o
                0x0000000000000430                getCharFromMorse

.text.compareArray
                0x0000000000000486       0x40
 .text.compareArray
                0x0000000000000486       0x40 morse.o
                0x0000000000000486                compareArray

.text.lcd_init  0x00000000000004c6       0x3e
 .text.lcd_init
                0x00000000000004c6       0x3e LCD.o
                0x00000000000004c6                lcd_init

.text.main      0x0000000000000504       0x38
 .text.main     0x0000000000000504       0x38 main.o
                0x0000000000000504                main

.text.lcd_write_data
                0x000000000000053c       0x36
 .text.lcd_write_data
                0x000000000000053c       0x36 LCD.o
                0x000000000000053c                lcd_write_data

.text.lcd_strobe_lcd_e
                0x0000000000000572       0x26
 .text.lcd_strobe_lcd_e
                0x0000000000000572       0x26 LCD.o
                0x0000000000000572                lcd_strobe_lcd_e

.text.waitBuzz  0x0000000000000598       0x1e
 .text.waitBuzz
                0x0000000000000598       0x1e buzz.o
                0x0000000000000598                waitBuzz

.text.lcd_clear
                0x00000000000005b6       0x1e
 .text.lcd_clear
                0x00000000000005b6       0x1e LCD.o
                0x00000000000005b6                lcd_clear

.text.wait      0x00000000000005d4       0x1e
 .text.wait     0x00000000000005d4       0x1e main.o
                0x00000000000005d4                wait

.text.setBuzzUnit
                0x00000000000005f2        0xa
 .text.setBuzzUnit
                0x00000000000005f2        0xa buzz.o
                0x00000000000005f2                setBuzzUnit

.text.adcInit   0x00000000000005fc        0xa
 .text.adcInit  0x00000000000005fc        0xa main.o
                0x00000000000005fc                adcInit

.text.buzz_init
                0x0000000000000606        0x6
 .text.buzz_init
                0x0000000000000606        0x6 buzz.o
                0x0000000000000606                buzz_init

.text           0x000000000000060c        0x4
 .text          0x000000000000060c        0x4 C:/Program Files (x86)/Atmel/Studio/7.0/Packs/atmel/ATmega_DFP/1.6.364/xc8/avr/lib/avr51/memx-const/crtatmega128a.o
                0x000000000000060c                __vector_22
                0x000000000000060c                __vector_28
                0x000000000000060c                __vector_32
                0x000000000000060c                __vector_34
                0x000000000000060c                __vector_24
                0x000000000000060c                __vector_12
                0x000000000000060c                __bad_interrupt
                0x000000000000060c                __vector_6
                0x000000000000060c                __vector_31
                0x000000000000060c                __vector_23
                0x000000000000060c                __vector_30
                0x000000000000060c                __vector_25
                0x000000000000060c                __vector_11
                0x000000000000060c                __vector_13
                0x000000000000060c                __vector_17
                0x000000000000060c                __vector_19
                0x000000000000060c                __vector_7
                0x000000000000060c                __vector_27
                0x000000000000060c                __vector_5
                0x000000000000060c                __vector_33
                0x000000000000060c                __vector_9
                0x000000000000060c                __vector_21
                0x000000000000060c                __vector_15
                0x000000000000060c                __vector_29
                0x000000000000060c                __vector_8
                0x000000000000060c                __vector_26
                0x000000000000060c                __vector_14
                0x000000000000060c                __vector_10
                0x000000000000060c                __vector_16
                0x000000000000060c                __vector_18
                0x000000000000060c                __vector_20

.data.MorseCodes
                0x0000000000800110      0x1e1 load address 0x0000000000000610
 .data.MorseCodes
                0x0000000000800110      0x1e1 morse.o
                0x0000000000800110                MorseCodes

.data.unit      0x0000000000800309        0x2 load address 0x00000000000007f1
 .data.unit     0x0000000000800309        0x2 buzz.o
                0x0000000000800309                unit
